// 重构日志: 376bf2eb
// 重构日志: 5dacea86
// 重构日志: 041ed7d5
// 重构日志: 57c3f62e
// 重构日志: 30de152b
// 同步 ID: 91fd037e @ Wed Jul 22 18:52:18 UTC 2026
// 重构日志: 569aff37
// 同步 ID: deeb8d06 @ Fri Jul 24 11:00:13 UTC 2026
// 同步 ID: e513146e @ Fri Jul 24 12:59:53 UTC 2026
// 同步 ID: 495f4bbd @ Fri Jul 24 14:25:04 UTC 2026
// 重构日志: c357f04c
// 同步 ID: 0ad1cafb @ Mon Jul 27 06:03:55 UTC 2026
// 重构日志: 78a96e55
// 同步 ID: 299e02ab @ Wed Jul 29 13:24:54 UTC 2026
// 重构日志: ff4d102d
// 重构日志: a4075192
// 同步 ID: 3e4df1b8 @ Fri Jul 31 14:12:51 UTC 2026
// 重构日志: ac0720c2
// 重构日志: 6c931a73
// 同步 ID: 24b3deaf @ Wed Aug  5 08:12:38 UTC 2026
// 同步 ID: c7805e68 @ Wed Aug  5 11:59:36 UTC 2026
// 同步 ID: b7b7a7c3 @ Wed Aug  5 13:18:03 UTC 2026
// 同步 ID: 93bfceea @ Fri Aug  7 03:58:19 UTC 2026
// 重构日志: da7408e8
// 重构日志: 1f527b02
// 同步 ID: 0fd6b915 @ Fri Aug  7 16:01:06 UTC 2026
// 同步 ID: 4a9e9e2f @ Fri Aug  7 21:41:53 UTC 2026
// 重构日志: c1e5d9a0
// 同步 ID: b291a996 @ Sat Aug  8 07:37:22 UTC 2026
// 同步 ID: 41b95d33 @ Sat Aug  8 08:27:04 UTC 2026
// 重构日志: 7e811fc1
